// Jest Snapshot v1, https://goo.gl/fbAQLP

exports[`matches snapshot 1`] = `
<DocumentFragment>
  .c0 {
  overflow: hidden;
  position: relative;
  height: 24px;
  margin: 32px 0;
}

.c0 p {
  position: absolute;
  width: 100%;
  height: 100%;
  margin: 0;
  line-height: 24px;
  background-image: linear-gradient( to right, red, orange, yellow, green, blue, indigo, violet );
  background-clip: text;
  -webkit-background-clip: text;
  color: transparent;
  -webkit-transform: translateX(100%);
  -ms-transform: translateX(100%);
  transform: translateX(100%);
  -webkit-animation: scroll-left 15s linear infinite;
  animation: scroll-left 15s linear infinite;
}

@media screen and (max-width:768px) {
  .c0 {
    display: none;
  }
}

<div
    class="c0"
  >
    <p>
      WARNING! This site is currently under heavy construction.
    </p>
  </div>
  .c0 {
  display: -webkit-box;
  display: -webkit-flex;
  display: -ms-flexbox;
  display: flex;
  -webkit-flex-wrap: wrap;
  -ms-flex-wrap: wrap;
  flex-wrap: wrap;
  -webkit-box-pack: space-evenly;
  -webkit-justify-content: space-evenly;
  -ms-flex-pack: space-evenly;
  justify-content: space-evenly;
  margin-bottom: 32px;
}

@media screen and (max-width:768px) {

}

<div
    class="c0"
  >
    <img
      alt="Dancing hamster"
      data-nimg="1"
      decoding="async"
      height="100"
      loading="lazy"
      src="/_next/image?url=%2Fimg.jpg&w=256&q=75"
      srcset="/_next/image?url=%2Fimg.jpg&w=128&q=75 1x, /_next/image?url=%2Fimg.jpg&w=256&q=75 2x"
      style="color: transparent;"
      width="100"
    />
    <img
      alt="Man with jackhammer"
      data-nimg="1"
      decoding="async"
      height="100"
      loading="lazy"
      src="/_next/image?url=%2Fimg.jpg&w=256&q=75"
      srcset="/_next/image?url=%2Fimg.jpg&w=128&q=75 1x, /_next/image?url=%2Fimg.jpg&w=256&q=75 2x"
      style="color: transparent;"
      width="100"
    />
    <img
      alt="Spinning money"
      data-nimg="1"
      decoding="async"
      height="100"
      loading="lazy"
      src="/_next/image?url=%2Fimg.jpg&w=256&q=75"
      srcset="/_next/image?url=%2Fimg.jpg&w=128&q=75 1x, /_next/image?url=%2Fimg.jpg&w=256&q=75 2x"
      style="color: transparent;"
      width="100"
    />
    <img
      alt="World Wide Web"
      data-nimg="1"
      decoding="async"
      height="100"
      loading="lazy"
      src="/_next/image?url=%2Fimg.jpg&w=256&q=75"
      srcset="/_next/image?url=%2Fimg.jpg&w=128&q=75 1x, /_next/image?url=%2Fimg.jpg&w=256&q=75 2x"
      style="color: transparent;"
      width="100"
    />
  </div>
  .c1 {
  -webkit-animation: blink 1s steps(1,end) infinite;
  animation: blink 1s steps(1,end) infinite;
}

.c0 {
  display: -webkit-box;
  display: -webkit-flex;
  display: -ms-flexbox;
  display: flex;
  -webkit-flex-direction: column;
  -ms-flex-direction: column;
  flex-direction: column;
  -webkit-align-items: center;
  -webkit-box-align: center;
  -ms-flex-align: center;
  align-items: center;
  gap: 8px;
}

@media screen and (max-width:768px) {

}

<figure
    class="c0"
  >
    <figcaption>
      <div
        class="c1"
      >
        Unleash the champion within:
      </div>
    </figcaption>
    <audio
      controls=""
    >
      <source
        src="/audio/champions.ogg"
        type="audio/ogg"
      />
      <source
        src="/audio/champions.mp3"
        type="audio/mpeg"
      />
      Your browser does not support the audio element.
    </audio>
  </figure>
  .c0 img {
  visibility: hidden;
  position: fixed;
  -webkit-transform: scaleX(-1);
  -ms-transform: scaleX(-1);
  transform: scaleX(-1);
  bottom: 0;
  -webkit-animation: walk 30s linear infinite;
  animation: walk 30s linear infinite;
}

@media screen and (max-width:768px) {

}

<div
    class="c0"
  >
    <img
      alt="Sheep"
      data-nimg="1"
      decoding="async"
      height="20"
      loading="lazy"
      src="/_next/image?url=%2Fimg.jpg&w=64&q=75"
      srcset="/_next/image?url=%2Fimg.jpg&w=32&q=75 1x, /_next/image?url=%2Fimg.jpg&w=64&q=75 2x"
      style="color: transparent; animation-delay: 0s;"
      width="32"
    />
    <img
      alt="Sheep"
      data-nimg="1"
      decoding="async"
      height="20"
      loading="lazy"
      src="/_next/image?url=%2Fimg.jpg&w=64&q=75"
      srcset="/_next/image?url=%2Fimg.jpg&w=32&q=75 1x, /_next/image?url=%2Fimg.jpg&w=64&q=75 2x"
      style="color: transparent; animation-delay: 1s;"
      width="32"
    />
    <img
      alt="Sheep"
      data-nimg="1"
      decoding="async"
      height="20"
      loading="lazy"
      src="/_next/image?url=%2Fimg.jpg&w=64&q=75"
      srcset="/_next/image?url=%2Fimg.jpg&w=32&q=75 1x, /_next/image?url=%2Fimg.jpg&w=64&q=75 2x"
      style="color: transparent; animation-delay: 2s;"
      width="32"
    />
    <img
      alt="Sheep"
      data-nimg="1"
      decoding="async"
      height="20"
      loading="lazy"
      src="/_next/image?url=%2Fimg.jpg&w=64&q=75"
      srcset="/_next/image?url=%2Fimg.jpg&w=32&q=75 1x, /_next/image?url=%2Fimg.jpg&w=64&q=75 2x"
      style="color: transparent; animation-delay: 3s;"
      width="32"
    />
    <img
      alt="Sheep"
      data-nimg="1"
      decoding="async"
      height="20"
      loading="lazy"
      src="/_next/image?url=%2Fimg.jpg&w=64&q=75"
      srcset="/_next/image?url=%2Fimg.jpg&w=32&q=75 1x, /_next/image?url=%2Fimg.jpg&w=64&q=75 2x"
      style="color: transparent; animation-delay: 4s;"
      width="32"
    />
  </div>
</DocumentFragment>
`;
